                                                      Dashboard NOVIEMBRE 2021                   20:43 Monday, December 13, 2021   1

----------------------------------------------- Campo1=Completitud de la información -----------------------------------------------

   Campo2                                     NOV20      DIC20      ENE21      FEB21      MAR21      ABR21      MAY21      JUN21
   -----------------------------------------------------------------------------------------------------------------------------
                                                                                                                                
   Clientes                                     100        100        100        100        100        100        100        100
   Contratos                                  98.36  98.360656  96.721311  98.360656  98.360656  98.360656  98.360656  98.360656
   Garantes                                     100        100        100        100        100        100        100        100
   Garantías                                    100        100        100        100        100        100        100        100
   Proyección de Contrato                       100        100        100        100        100        100        100        100
   Rating                                       100        100        100        100        100        100        100        100
   Saldos                                       100        100        100        100        100        100        100        100
   Scoring                                      100        100        100        100        100        100        100        100
                                                      Dashboard NOVIEMBRE 2021                   20:43 Monday, December 13, 2021   2

----------------------------------------------- Campo1=Completitud de la información -----------------------------------------------

                                      JUL21      AGO21      SEP21      OCT21      NOV21   semaforo
                                  ----------------------------------------------------------------
                                                                                                  
                                        100        100        100        100        100          2
                                  98.360656  98.360656  98.360656  98.360656  96.721311          1
                                        100        100        100        100        100          2
                                        100        100        100        100        100          2
                                        100        100        100        100        100          2
                                        100        100        100        100        100          2
                                        100        100        100        100        100          2
                                        100        100        100        100        100          2
                                                      Dashboard NOVIEMBRE 2021                   20:43 Monday, December 13, 2021   3

------------------------------------------------------- Campo1=Data Quality --------------------------------------------------------

   Campo2                                     NOV20      DIC20      ENE21      FEB21      MAR21      ABR21      MAY21      JUN21
   -----------------------------------------------------------------------------------------------------------------------------
                                                                                                                                
   Clientes                                   99.23  99.251712   99.16242  99.156243  99.104739  99.118286  99.061661  99.039859
   Contratos                                  98.03  97.928716  90.908905  97.345442  97.303244  97.326487   97.43328  97.500947
   Garantes                                   99.99  99.990978  91.657765  99.990959  99.991355  99.989241  99.990973   99.98971
   Garantías                                  98.82   98.84986  93.835721  98.880308  98.879244   98.88642  98.910101  98.930983
   Proyección de Contrato                     99.41  99.383316  86.897162  99.434098  99.467907  99.463697  99.445103  99.481787
   Rating                                     91.46  90.838814  90.953556  91.056204  91.205589  91.817373   91.75883  96.221553
   Saldos                                      99.8  99.802341  94.513273  99.671332  99.699503  99.756596  99.787026  99.793991
   Scoring                                      100  99.999993       87.5  99.999993  99.999993  99.999993  99.999993  99.999993
                                                      Dashboard NOVIEMBRE 2021                   20:43 Monday, December 13, 2021   4

------------------------------------------------------- Campo1=Data Quality --------------------------------------------------------

                                      JUL21      AGO21      SEP21      OCT21      NOV21   semaforo
                                  ----------------------------------------------------------------
                                                                                                  
                                  99.077683  99.058712  99.026765  99.128285  98.512973          2
                                  98.236169   98.34718  98.414611  98.627348  98.262254          2
                                  99.988994  99.988981  99.988017  99.988296  99.987977          2
                                  98.931471  98.926767  98.931084  98.850129  98.975742          2
                                  99.492602  99.442535    99.4617  99.471894  99.481025          2
                                  95.760126   95.79156  95.835943   95.91626  95.960263          1
                                  99.774608  99.766122  99.771666   99.77752   99.16263          2
                                  99.999972  99.999993  99.999993  99.999993  99.999962          2
                                                      Dashboard NOVIEMBRE 2021                   20:43 Monday, December 13, 2021   5

-------------------------------------------------------- Campo1=Fecha Datos --------------------------------------------------------

   Campo2                                     NOV20      DIC20      ENE21      FEB21      MAR21      ABR21      MAY21      JUN21
   -----------------------------------------------------------------------------------------------------------------------------
                                                                                                                                
   Completitud de la información               99.8  99.795082  99.590164  99.795082  99.795082  99.795082  99.795082  99.795082
   Data Quality                               98.34  98.255716    91.9286  98.191822  98.206447  98.294762  98.298371  98.869853
   Integridad Referencial                     97.71  98.010512  98.013647  98.038236  97.647808  99.663013  97.538762  98.998942
                                                      Dashboard NOVIEMBRE 2021                   20:43 Monday, December 13, 2021   6

-------------------------------------------------------- Campo1=Fecha Datos --------------------------------------------------------

                                      JUL21      AGO21      SEP21      OCT21      NOV21   semaforo
                                  ----------------------------------------------------------------
                                                                                                  
                                  99.795082  99.795082  99.795082  99.795082  99.590164          2
                                  98.907703  98.915231  98.928722  98.969966  98.792853          2
                                  99.721478  99.170608  99.644412  99.632573  99.404392          2
                                                      Dashboard NOVIEMBRE 2021                   20:43 Monday, December 13, 2021   7

-------------------------------------------------- Campo1=Integridad referencial ---------------------------------------------------

   Campo2                                     NOV20      DIC20      ENE21      FEB21      MAR21      ABR21      MAY21      JUN21
   -----------------------------------------------------------------------------------------------------------------------------
                                                                                                                                
   Contractos (ID emisor) en Clientes         99.27  98.010512  99.272866  99.351145  99.354839  99.390708  98.975332  98.980747
   Contractos en Saldos                         100  98.010512        100        100        100        100        100        100
   Contratos (ID Cliente) en Clientes           100  98.010512  99.999597  99.999735  99.999737  99.999727  99.999604  99.999608
   Garantes en Saldos                         80.46  98.010512  83.035921  83.101842  79.589451  97.671814  78.977437  92.120194
   Garantías en Saldos                        99.96  98.010512  99.950634  99.951478  99.950221  99.975961  99.970859  99.967864
   Proyección de Contratos en Saldos            100  98.010512        100        100        100        100        100        100
   Rating en Clientes                         99.95  98.010512  99.953129  99.969033   99.96911   99.96189  99.962493  99.970601
   Saldos en Contratos                          100  98.010512  99.999409  99.999653  99.999901  99.998892  99.999578  99.999234
   Scoring en Saldos                          99.76  98.010512  99.911267  99.971237  99.967018  99.968123  99.963557  99.952226
                                                      Dashboard NOVIEMBRE 2021                   20:43 Monday, December 13, 2021   8

-------------------------------------------------- Campo1=Integridad referencial ---------------------------------------------------

                                      JUL21      AGO21      SEP21      OCT21      NOV21   semaforo
                                  ----------------------------------------------------------------
                                                                                                  
                                  99.887176   99.88675  99.887176  99.887176   99.88743          2
                                        100        100        100        100        100          2
                                  99.999846  99.999867  99.999818   99.99987  99.999851          2
                                  97.761066  92.816843  97.092961  97.007285  97.091457          1
                                  99.954541  99.954196  99.953951  99.945771  99.952917          2
                                        100        100        100        100        100          2
                                  99.984211  99.984701  99.985027   99.98536  99.985601          2
                                  99.999569  99.999432  99.999583  99.999849   99.99966          2
                                  99.906895  99.893684  99.881193  99.867846  97.722612          1
