                                                           The SAS System                         19:01 Tuesday, August 30, 2022   1

                                                                      
                                                              --------
                                                                 22826
                                                           The SAS System                         19:01 Tuesday, August 30, 2022   2

                                                                      
                                                              --------
                                                                 22796
                                                           The SAS System                         19:01 Tuesday, August 30, 2022   3

                                                                      
                                                              --------
                                                                 22826
                                                           The SAS System                         19:01 Tuesday, August 30, 2022   4

                                                                      
                                                              --------
                                                                 22796
                                                           The SAS System                         19:01 Tuesday, August 30, 2022   5

                                                                MAXIMO
                                                              --------
                                                                    13
                                                           The SAS System                         19:01 Tuesday, August 30, 2022   6

                                    gf_legacy_qr_
                                    sequential_id   VARIACION  VARIACION  Umbral_Min  Umbral_Max
                                    ------------------------------------------------------------
                                    1701900101        0.01879    0.01879       -0.08        0.08
                                                           The SAS System                         19:01 Tuesday, August 30, 2022   7

                                    gf_legacy_qr_
                                    sequential_id   VARIACION  VARIACION  Umbral_Min  Umbral_Max
                                    ------------------------------------------------------------
                                    1704300101       0.043856   0.043856        -0.1         0.1
                                                           The SAS System                         19:01 Tuesday, August 30, 2022   8

                                    gf_legacy_qr_
                                    sequential_id   VARIACION  VARIACION  Umbral_Min  Umbral_Max
                                    ------------------------------------------------------------
                                    1700900101       26720.99   26720.99      -75000       75000
                                                           The SAS System                         19:01 Tuesday, August 30, 2022   9

                                    gf_legacy_qr_
                                    sequential_id   VARIACION  VARIACION  Umbral_Min  Umbral_Max
                                    ------------------------------------------------------------
                                    1700300101       -10018.6   -10018.6      -18000       18000
                                                           The SAS System                         19:01 Tuesday, August 30, 2022  10

                                    gf_legacy_qr_
                                    sequential_id   VARIACION  VARIACION  Umbral_Min  Umbral_Max
                                    ------------------------------------------------------------
                                    1700400101       -8658.57   -8658.57     -120000      120000
                                                           The SAS System                         19:01 Tuesday, August 30, 2022  11

                                    gf_legacy_qr_
                                    sequential_id   VARIACION  VARIACION  Umbral_Min  Umbral_Max
                                    ------------------------------------------------------------
                                    1704100101        -6844.4    -6844.4      -98000       98000
                                                           The SAS System                         19:01 Tuesday, August 30, 2022  12

                                    gf_legacy_qr_
                                    sequential_id   VARIACION  VARIACION  Umbral_Min  Umbral_Max
                                    ------------------------------------------------------------
                                    1703100101       -9751.79   -9751.79      -80000       80000
                                                           The SAS System                         19:01 Tuesday, August 30, 2022  13

                                    gf_legacy_qr_
                                    sequential_id   VARIACION  VARIACION  Umbral_Min  Umbral_Max
                                    ------------------------------------------------------------
                                    1703200101       -7147.92   -7147.92      -70000       70000
                                                           The SAS System                         19:01 Tuesday, August 30, 2022  14

                                    gf_legacy_qr_
                                    sequential_id   VARIACION  VARIACION  Umbral_Min  Umbral_Max
                                    ------------------------------------------------------------
                                    1704000101       -2603.87   -2603.87      -40000       40000
                                                           The SAS System                         19:01 Tuesday, August 30, 2022  15

                                    gf_legacy_qr_
                                    sequential_id   VARIACION  VARIACION  Umbral_Min  Umbral_Max
                                    ------------------------------------------------------------
                                    1700800101       -6606.42   -6606.42     -185000      185000
                                                           The SAS System                         19:01 Tuesday, August 30, 2022  16

                                    gf_legacy_qr_
                                    sequential_id   VARIACION  VARIACION  Umbral_Min  Umbral_Max
                                    ------------------------------------------------------------
                                    1700600101       -12647.9   -12647.9     -185000      185000
                                                           The SAS System                         19:01 Tuesday, August 30, 2022  17

                                    gf_legacy_qr_
                                    sequential_id   VARIACION  VARIACION  Umbral_Min  Umbral_Max
                                    ------------------------------------------------------------
                                    1700700101       6041.526   6041.526      -28000       28000
                                                           The SAS System                         19:01 Tuesday, August 30, 2022  18

                                    gf_legacy_qr_
                                    sequential_id   VARIACION  VARIACION  Umbral_Min  Umbral_Max
                                    ------------------------------------------------------------
                                    1704200101       11105.12   11105.12      -98000       98000
                                                           The SAS System                         19:01 Tuesday, August 30, 2022  19

                                                                      
                                                              --------
                                                                    13
                                                           The SAS System                         19:01 Tuesday, August 30, 2022  20

                                                                                                                                
                                                                                                                                
                                                                                                                                
                                                                                                                                
                                                                                                                                
                                                                                                                                
         Fecha  Reporte                         Métrica                                                                         
    2022-06-30  Liquidez                        Caja y cuentas obligatorias en bancos centrales                                 
    2022-06-30  Liquidez                        Cartera de títulos                                                              
    2022-06-30  Liquidez                        Financiación Mayorista Neta Corto Plazo                                         
    2022-06-30  Liquidez                        Financiación Mayorista Neta Largo Plazo                                         
    2022-06-30  Liquidez                        FINANCIACIÓN MAYORISTA NETA TOTAL                                               
    2022-06-30  Liquidez                        GAP DE CLIENTES                                                                 
    2022-06-30  Liquidez                        LtSCD                                                                           
    2022-06-30  Liquidez                        Recursos de Clientes                                                            
    2022-06-30  Liquidez                        Recursos Estables de Clientes (REC)                                             
    2022-06-30  Liquidez                        Recursos Volátiles de Clientes                                                  
    2022-06-30  Liquidez                        Resto de Activos                                                                
    2022-06-30  Liquidez                        RESTO DE PASIVOS                                                                
    2022-06-30  Liquidez                        LtSCD ME                                                                        
                                                           The SAS System                         19:01 Tuesday, August 30, 2022  21

                                                                         Porce                                                
                                                                         ntaje                                                
                                                                         Cumpl                                                
                                                           Umbra  Umbra  imien                                                
                                                               l      l     to                                                
     Regla de                                              Mínim  Objet  Regis                                                
     calidad     Responsable                                   o    ivo    tro    Nº Registros Cumplen   Nº Registros Objetivo
     1700300101  Noreli Sánchez Miñón/Alicia Lara Méndez   100.0  100.0  100.0                       1                       1
     1700400101  Noreli Sánchez Miñón/Alicia Lara Méndez   100.0  100.0  100.0                       1                       1
     1700600101  Noreli Sánchez Miñón/Alicia Lara Méndez   100.0  100.0  100.0                       1                       1
     1700700101  Noreli Sánchez Miñón/Alicia Lara Méndez   100.0  100.0  100.0                       1                       1
     1700800101  Noreli Sánchez Miñón/Alicia Lara Méndez   100.0  100.0  100.0                       1                       1
     1700900101  Noreli Sánchez Miñón/Alicia Lara Méndez   100.0  100.0  100.0                       1                       1
     1701900101  Noreli Sánchez Miñón/Alicia Lara Méndez   100.0  100.0  100.0                       1                       1
     1703100101  Noreli Sánchez Miñón/Alicia Lara Méndez   100.0  100.0  100.0                       1                       1
     1703200101  Noreli Sánchez Miñón/Alicia Lara Méndez   100.0  100.0  100.0                       1                       1
     1704000101  Noreli Sánchez Miñón/Alicia Lara Méndez   100.0  100.0  100.0                       1                       1
     1704100101  Noreli Sánchez Miñón/Alicia Lara Méndez   100.0  100.0  100.0                       1                       1
     1704200101  Noreli Sánchez Miñón/Alicia Lara Méndez   100.0  100.0  100.0                       1                       1
     1704300101  Noreli Sánchez Miñón/Alicia Lara Méndez   100.0  100.0  100.0                       1                       1
                                                           The SAS System                         19:01 Tuesday, August 30, 2022  22

                                                                                                                   
                                                                                                                   
                                                                                                                   
                                                                                                                 SE
                                                                                                                 MA
                       Variación Máxima                                                                          FO
                              Permitida             Dato Actual           Dato Anterior               Variación  RO
                             18,000.000            339,782.5003            349,801.1284            -10,018.6281  SI
                            120,000.000            496,919.4200            505,577.9904             -8,658.5704  SI
                            185,000.000            247,200.3601            259,848.3016            -12,647.9415  SI
                             28,000.000            187,229.0811            181,187.5552              6,041.5259  SI
                            185,000.000            434,429.4412            441,035.8568             -6,606.4156  SI
                             75,000.000            -29,392.9339            -56,113.9257             26,720.9919  SI
                                  0.080                  0.9791                  0.9603                  0.0188  SI
                             80,000.000          1,511,346.4449          1,521,098.2356             -9,751.7907  SI
                             70,000.000          1,406,980.9753          1,414,128.8915             -7,147.9162  SI
                             40,000.000            104,365.4695            106,969.3442             -2,603.8746  SI
                             98,000.000             99,112.7976            105,957.1979             -6,844.4003  SI
                             98,000.000            384,487.5051            373,382.3832             11,105.1219  SI
                                  0.100                  0.8613                  0.8175                  0.0439  SI
