                                                           The SAS System                        20:30 Friday, November 26, 2021   1

                                                                  id_mes
                                                            ------------
                                                                       2
                                                           The SAS System                        20:30 Friday, November 26, 2021   2

                                                            ValorMetrica
                                                            ------------
                                                                -0.03708
                                                           The SAS System                        20:30 Friday, November 26, 2021   3

                                                            ValorMetrica
                                                            ------------
                                                                -0.03736
                                                           The SAS System                        20:30 Friday, November 26, 2021   4

                                                               Parametro
                                                            ------------
                                                                     0.2
                                                           The SAS System                        20:30 Friday, November 26, 2021   5

                                                                   Limit
                                                            ------------
                                                                   -0.06
                                                           The SAS System                        20:30 Friday, November 26, 2021   6

                                                                   Limit
                                                            ------------
                                                                   -0.06
                                                           The SAS System                        20:30 Friday, November 26, 2021   7

                                                               Parametro
                                                            ------------
                                                                     0.2
                                                           The SAS System                        20:30 Friday, November 26, 2021   8

                                                            ValorMetrica
                                                            ------------
                                                                0.015025
                                                           The SAS System                        20:30 Friday, November 26, 2021   9

                                                            ValorMetrica
                                                            ------------
                                                                0.015048
                                                           The SAS System                        20:30 Friday, November 26, 2021  10

                                                               Parametro
                                                            ------------
                                                                     0.2
                                                           The SAS System                        20:30 Friday, November 26, 2021  11

                                                                   Limit
                                                            ------------
                                                                    0.03
                                                           The SAS System                        20:30 Friday, November 26, 2021  12

                                                                   Limit
                                                            ------------
                                                                    0.03
                                                           The SAS System                        20:30 Friday, November 26, 2021  13

                                                               Parametro
                                                            ------------
                                                                     0.2
                                                           The SAS System                        20:30 Friday, November 26, 2021  14

                                                            ValorMetrica
                                                            ------------
                                                                -7485.79
                                                           The SAS System                        20:30 Friday, November 26, 2021  15

                                                            ValorMetrica
                                                            ------------
                                                                -7722.49
                                                           The SAS System                        20:30 Friday, November 26, 2021  16

                                                               Parametro
                                                            ------------
                                                                    0.25
                                                           The SAS System                        20:30 Friday, November 26, 2021  17

                                                                   Limit
                                                            ------------
                                                                  -12000
                                                           The SAS System                        20:30 Friday, November 26, 2021  18

                                                                   Limit
                                                            ------------
                                                                  -12000
                                                           The SAS System                        20:30 Friday, November 26, 2021  19

                                                               Parametro
                                                            ------------
                                                                    0.25
                                                           The SAS System                        20:30 Friday, November 26, 2021  20

                                                            ValorMetrica
                                                            ------------
                                                                6538.025
                                                           The SAS System                        20:30 Friday, November 26, 2021  21

                                                            ValorMetrica
                                                            ------------
                                                                6520.954
                                                           The SAS System                        20:30 Friday, November 26, 2021  22

                                                               Parametro
                                                            ------------
                                                                    0.25
                                                           The SAS System                        20:30 Friday, November 26, 2021  23

                                                                   Limit
                                                            ------------
                                                                   12000
                                                           The SAS System                        20:30 Friday, November 26, 2021  24

                                                                   Limit
                                                            ------------
                                                                   12000
                                                           The SAS System                        20:30 Friday, November 26, 2021  25

                                                               Parametro
                                                            ------------
                                                                    0.25
                                                           The SAS System                        20:30 Friday, November 26, 2021  26

                                                            ValorMetrica
                                                            ------------
                                                                -0.02358
                                                           The SAS System                        20:30 Friday, November 26, 2021  27

                                                            ValorMetrica
                                                            ------------
                                                                -0.02438
                                                           The SAS System                        20:30 Friday, November 26, 2021  28

                                                               Parametro
                                                            ------------
                                                                     0.3
                                                           The SAS System                        20:30 Friday, November 26, 2021  29

                                                                   Limit
                                                            ------------
                                                                   -0.04
                                                           The SAS System                        20:30 Friday, November 26, 2021  30

                                                                   Limit
                                                            ------------
                                                                   -0.04
                                                           The SAS System                        20:30 Friday, November 26, 2021  31

                                                               Parametro
                                                            ------------
                                                                     0.3
                                                           The SAS System                        20:30 Friday, November 26, 2021  32

                                                            ValorMetrica
                                                            ------------
                                                                1234.141
                                                           The SAS System                        20:30 Friday, November 26, 2021  33

                                                            ValorMetrica
                                                            ------------
                                                                1266.097
                                                           The SAS System                        20:30 Friday, November 26, 2021  34

                                                               Parametro
                                                            ------------
                                                                     0.3
                                                           The SAS System                        20:30 Friday, November 26, 2021  35

                                                                   Limit
                                                            ------------
                                                                    2500
                                                           The SAS System                        20:30 Friday, November 26, 2021  36

                                                                   Limit
                                                            ------------
                                                                    2500
                                                           The SAS System                        20:30 Friday, November 26, 2021  37

                                                               Parametro
                                                            ------------
                                                                     0.3
                                                           The SAS System                        20:30 Friday, November 26, 2021  38

                                                            ValorMetrica
                                                            ------------
                                                                -0.03158
                                                           The SAS System                        20:30 Friday, November 26, 2021  39

                                                               Parametro
                                                            ------------
                                                                   -0.04
                                                           The SAS System                        20:30 Friday, November 26, 2021  40

                                                                      
                                                              --------
                                                                    13
                                                           The SAS System                        20:30 Friday, November 26, 2021  41

                                                                                                                              
                                                                                                                              
                                                                                                                  Princ       
                                                                                                                   ipio  Regla
                                                                                                                     de     de
                                                                                                      Id de       calid  calid
           Fecha  Reporte                         Métrica                                             control        ad     ad
      2021-09-30  IRBB                            CE - Capital Económico por RIE (sin Diversificar)   1600200100      6      4
      2021-09-30  IRBB                            CE RIE Management Limit                             1600300100      6      4
      2021-09-30  IRBB                            CE Spread Credito (Sin Diversificar)                1600500100      6      4
      2021-09-30  IRBB                            CE Spread Credito Management Limit                  1600600100      6      4
      2021-09-30  IRBB                            Indicador de Contribución Anual de Cartera HtCS (I  1600700100      6      4
      2021-09-30  IRBB                            MeR - Margen en Riesgo (Sin Diversificar)           1601000100      6      4
      2021-09-30  IRBB                            MeR Management Limit                                1601100100      6      4
      2021-09-30  IRBB                            MtM SVEA Management Limit                           1601200100      6      4
      2021-09-30  IRBB                            Sensibilidad Margen de Intereses Agregada (SMDIA)   1601500100      6      4
      2021-09-30  IRBB                            Sensibilidad Valor Agregada (SVEA)                  1601600100      6      4
      2021-09-30  IRBB                            Sensibilidad Valor Agregada cartera HtCS (MtM SVEA  1601700100      6      4
      2021-09-30  IRBB                            SMDIA Management Limit                              1602100100      6      4
      2021-09-30  IRBB                            SVEA Management Limit                               1602200100      6      4
                                                           The SAS System                        20:30 Friday, November 26, 2021  42

                                                                 Porce                                                    
                                                                 ntaje                                                    
                                                                 Cumpl                                                    
                                                   Umbra  Umbra  imien                                                  SE
                                                       l      l     to                                                  MA
                                                   Mínim  Objet  Regis                                                  FO
         Responsable                                   o    ivo    tro    Nº Registros Cumplen   Nº Registros Objetivo  RO
         Reynaldo López Tejeda                     100.0  100.0  100.0                       1                       1  SI
         Reynaldo López Tejeda                     100.0  100.0  100.0                       1                       1  SI
         Reynaldo López Tejeda                     100.0  100.0  100.0                       1                       1  SI
         Reynaldo López Tejeda                     100.0  100.0  100.0                       1                       1  SI
         Reynaldo López Tejeda                     100.0  100.0  100.0                       1                       1  SI
         Reynaldo López Tejeda                     100.0  100.0  100.0                       1                       1  SI
         Reynaldo López Tejeda                     100.0  100.0  100.0                       1                       1  SI
         Reynaldo López Tejeda                     100.0  100.0  100.0                       1                       1  SI
         Reynaldo López Tejeda                     100.0  100.0  100.0                       1                       1  SI
         Reynaldo López Tejeda                     100.0  100.0  100.0                       1                       1  SI
         Reynaldo López Tejeda                     100.0  100.0  100.0                       1                       1  SI
         Reynaldo López Tejeda                     100.0  100.0  100.0                       1                       1  SI
         Reynaldo López Tejeda                     100.0  100.0  100.0                       1                       1  SI
